
A module that was compiled using NumPy 1.x cannot be run in
NumPy 2.3.4 as it may crash. To support both 1.x and 2.x
versions of NumPy, modules must be compiled with NumPy 2.0.
Some module may need to rebuild instead e.g. with 'pybind11>=2.12'.

If you are a user of the module, the easiest solution will be to
downgrade to 'numpy<2' or try to upgrade the affected module.
We expect that some modules will need time to support NumPy 2.

Traceback (most recent call last):  File "<frozen runpy>", line 189, in _run_module_as_main
  File "<frozen runpy>", line 112, in _get_module_details
  File "/Users/juan-garassino/Desktop/staging&test&temp_repos/nano_llms_me/nano_moe/__init__.py", line 1, in <module>
    from .main import main
  File "/Users/juan-garassino/Desktop/staging&test&temp_repos/nano_llms_me/nano_moe/main.py", line 1, in <module>
    import torch
  File "/Users/juan-garassino/.pyenv/versions/mySandbox/lib/python3.12/site-packages/torch/__init__.py", line 1477, in <module>
    from .functional import *  # noqa: F403
  File "/Users/juan-garassino/.pyenv/versions/mySandbox/lib/python3.12/site-packages/torch/functional.py", line 9, in <module>
    import torch.nn.functional as F
  File "/Users/juan-garassino/.pyenv/versions/mySandbox/lib/python3.12/site-packages/torch/nn/__init__.py", line 1, in <module>
    from .modules import *  # noqa: F403
  File "/Users/juan-garassino/.pyenv/versions/mySandbox/lib/python3.12/site-packages/torch/nn/modules/__init__.py", line 35, in <module>
    from .transformer import TransformerEncoder, TransformerDecoder, \
  File "/Users/juan-garassino/.pyenv/versions/mySandbox/lib/python3.12/site-packages/torch/nn/modules/transformer.py", line 20, in <module>
    device: torch.device = torch.device(torch._C._get_default_device()),  # torch.device('cpu'),
/Users/juan-garassino/.pyenv/versions/mySandbox/lib/python3.12/site-packages/torch/nn/modules/transformer.py:20: UserWarning: Failed to initialize NumPy: _ARRAY_API not found (Triggered internally at /Users/runner/work/pytorch/pytorch/pytorch/torch/csrc/utils/tensor_numpy.cpp:84.)
  device: torch.device = torch.device(torch._C._get_default_device()),  # torch.device('cpu'),
╭──────────────────────── Info ─────────────────────────╮
│ Output structure at:                                  │
│ training_outputs/arc_phase_symbolic                   │
╰───────────────────────────────────────────────────────╯
╭───────────────────────────────────────────────────────╮
│ 🚀 Starting ARC Training on cpu                       │
╰───────────────────────────────────────────────────────╯
Epoch 0 ╸                                         2% -:--:--
Epoch 0 | Loss: 0.0509
System-2 Validation Loss: 3.3742
╭────────────────────────── Info ──────────────────────────╮
│ Generating visualizations...                             │
╰──────────────────────────────────────────────────────────╯
╭─────────────────────────── OK ───────────────────────────╮
│ Visualizations complete                                  │
╰──────────────────────────────────────────────────────────╯
Training Complete. Check training_outputs/ for plots.
